     1                                  bits 32 ; asamblare și compilare pentru arhitectura de 32 biți
     2                                  ; definim punctul de intrare in programul principal
     3                                  global start
     4                                  
     5                                  ; declaram functiile externe necesare programului nostru
     6                                  extern exit ; indicam asamblorului ca exit exista, chiar daca nu o vom defini 
     7                                  import exit msvcrt.dll ; exit este o functie care incheie procesul, este definita in msvcrt.dll
     8                                          ; msvcrt.dll contine exit, printf si toate celelalte functii C-runtime importante
     9                                          
    10                                  segment  data use32 class=data ; segmentul de date in care se vor defini variabilele 
    11                                  
    12 00000000 05                      a db 5
    13 00000001 02                      b db 2
    14 00000002 04                      c db 4
    15 00000003 0300                    d dw 3
    16                                  
    17                                  ; segmentul de cod
    18                                  segment  code use32 class=code ; 
    19                                  ; [d-2*(a-b)+b*c]/2
    20                                  
    21                                  start:
    22                                  
    23 00000000 8A25[00000000]          mov ah, [a]
    24 00000006 2A25[01000000]          sub ah, [b]
    25                                  
    26 0000000C B002                    mov al, 2
    27 0000000E F6E4                    mul ah ; rezultatul este in ax
    28                                  
    29 00000010 668B1D[03000000]        mov bx, [d]
    30 00000017 6629C3                  sub bx, ax ; rezultatul este in bx
    31                                  
    32 0000001A 66B80000                mov ax, 0 ; se goleste ax pentru a fi refolosit
    33 0000001E 8A25[01000000]          mov ah, [b]
    34 00000024 A0[02000000]            mov al, [c]
    35 00000029 F6E4                    mul ah ; rezultatul este in ax
    36                                  
    37 0000002B 6601D8                  add ax, bx ; rezultatul este in ax
    38                                  
    39 0000002E 66BA0000                mov dx, 0
    40 00000032 66BB0200                mov bx, 2
    41 00000036 66F7F3                  div bx
    42                                  
    43 00000039 6A00                    push   dword 0 ;se pune pe stiva codul de retur al functiei exit
    44 0000003B FF15[00000000]          call   [exit] ;apelul functiei sistem exit pentru terminarea executiei programului
